CLA: 00, INS: a4, P1: 04, P2: 00, Lc: 09, a0, 00, 00, 00, 62, 03, 01, 08, 01, Le: 00, SW1: 90, SW2: 00
CAP file download section. Output suppressed.
OUTPUT OFF;
OUTPUT ON;
Applet creation and functional test section.
CLA: 00, INS: a4, P1: 04, P2: 00, Lc: 09, a0, 00, 00, 00, 62, 03, 01, 08, 01, Le: 00, SW1: 90, SW2: 00
CLA: 80, INS: b8, P1: 00, P2: 00, Lc: 0c, 0a, a0, 00, 00, 00, 62, 03, 01, 0c, 0b, 02, 00, Le: 0a, a0, 00, 00, 00, 62, 03, 01, 0c, 0b, 02, SW1: 90, SW2: 00
CLA: 80, INS: b8, P1: 00, P2: 00, Lc: 12, 0a, a0, 00, 00, 00, 62, 03, 01, 0c, 0b, 01, 08, 01, 98, 00, 01, 00, 05, Le: 0a, a0, 00, 00, 00, 62, 03, 01, 0c, 0b, 01, SW1: 90, SW2: 00
CLA: 00, INS: a4, P1: 04, P2: 00, Lc: 0a, a0, 00, 00, 00, 62, 03, 01, 0c, 0b, 01, Le: 00, SW1: 90, SW2: 00
CLA: 80, INS: 20, P1: 00, P2: 00, Lc: 02, 00, 64, Le: 00, SW1: 90, SW2: 00
CLA: 00, INS: a4, P1: 04, P2: 00, Lc: 0a, a0, 00, 00, 00, 62, 03, 01, 0c, 0b, 02, Le: 00, SW1: 90, SW2: 00
CLA: 80, INS: 10, P1: 00, P2: 00, Lc: 02, 01, 98, Le: 00, SW1: 90, SW2: 00
CLA: 00, INS: 70, P1: 00, P2: 00, Lc: 00, Le: 01, 01, SW1: 90, SW2: 00
CLA: 01, INS: a4, P1: 04, P2: 00, Lc: 0a, a0, 00, 00, 00, 62, 03, 01, 0c, 0b, 01, Le: 00, SW1: 90, SW2: 00
CLA: 81, INS: 10, P1: 00, P2: 00, Lc: 00, Le: 02, 00, 64, SW1: 90, SW2: 00
CLA: 80, INS: 20, P1: 00, P2: 00, Lc: 00, Le: 00, SW1: 90, SW2: 00
CLA: 81, INS: 10, P1: 00, P2: 00, Lc: 00, Le: 02, 00, 63, SW1: 90, SW2: 00
CLA: 80, INS: 10, P1: 00, P2: 00, Lc: 02, 01, 98, Le: 00, SW1: 90, SW2: 00
CLA: 81, INS: 10, P1: 00, P2: 00, Lc: 00, Le: 02, 00, 62, SW1: 90, SW2: 00
CLA: 80, INS: 10, P1: 00, P2: 00, Lc: 02, 02, 8a, Le: 00, SW1: 90, SW2: 00
CLA: 81, INS: 10, P1: 00, P2: 00, Lc: 00, Le: 02, 00, 5d, SW1: 90, SW2: 00
CLA: 80, INS: 10, P1: 00, P2: 00, Lc: 02, 02, 8a, Le: 00, SW1: 90, SW2: 00
CLA: 81, INS: 10, P1: 00, P2: 00, Lc: 00, Le: 02, 00, 58, SW1: 90, SW2: 00
CLA: 80, INS: 30, P1: 00, P2: 00, Lc: 00, Le: 00, SW1: 90, SW2: 00
CLA: 80, INS: 10, P1: 00, P2: 00, Lc: 02, 02, 8a, Le: 00, SW1: 90, SW2: 00
CLA: 81, INS: 10, P1: 00, P2: 00, Lc: 00, Le: 02, 00, 58, SW1: 90, SW2: 00
CLA: 00, INS: 70, P1: 80, P2: 01, Lc: 00, Le: 00, SW1: 90, SW2: 00
